[2026-02-18 19:51:17] [DEBUG] Heartbeat check
[2026-02-18 19:51:17] [INFO] Status updated: active
[2026-02-18 19:51:17] [INFO] Executing task: financial_analysis
[2026-02-18 19:51:17] [INFO] Task completed: financial_analysis - success
[2026-02-18 19:51:17] [INFO] Executing task: health_check
[2026-02-18 19:51:17] [INFO] Task completed: health_check - success
[2026-02-22 23:19:56] [DEBUG] Heartbeat check
[2026-02-22 23:19:56] [INFO] Status updated: active
[2026-02-22 23:19:56] [INFO] Executing task: financial_analysis
[2026-02-22 23:19:56] [INFO] Task completed: financial_analysis - success
[2026-02-22 23:19:56] [INFO] Executing task: health_check
[2026-02-22 23:19:56] [INFO] Task completed: health_check - success
[2026-02-23 00:01:04] [DEBUG] Heartbeat check
[2026-02-23 00:01:04] [INFO] Status updated: active
[2026-02-23 00:01:04] [INFO] Executing task: financial_analysis
[2026-02-23 00:01:04] [INFO] Task completed: financial_analysis - success
[2026-02-23 00:01:04] [INFO] Executing task: health_check
[2026-02-23 00:01:04] [INFO] Task completed: health_check - success
[2026-02-23 00:32:28] [DEBUG] Heartbeat check
[2026-02-23 00:32:28] [INFO] Status updated: active
[2026-02-23 00:32:28] [INFO] Executing task: financial_analysis
[2026-02-23 00:32:28] [INFO] Task completed: financial_analysis - success
[2026-02-23 00:32:28] [INFO] Executing task: health_check
[2026-02-23 00:32:28] [INFO] Task completed: health_check - success
[2026-02-23 01:32:56] [DEBUG] Heartbeat check
[2026-02-23 01:32:56] [INFO] Status updated: active
[2026-02-23 01:32:56] [INFO] Executing task: financial_analysis
[2026-02-23 01:32:56] [INFO] Task completed: financial_analysis - success
[2026-02-23 01:32:56] [INFO] Executing task: health_check
[2026-02-23 01:32:56] [INFO] Task completed: health_check - success
[2026-02-23 02:03:06] [DEBUG] Heartbeat check
[2026-02-23 02:03:06] [INFO] Status updated: active
[2026-02-23 02:03:06] [INFO] Executing task: financial_analysis
[2026-02-23 02:03:06] [INFO] Task completed: financial_analysis - success
[2026-02-23 02:03:06] [INFO] Executing task: health_check
[2026-02-23 02:03:06] [INFO] Task completed: health_check - success
[2026-02-23 02:33:17] [DEBUG] Heartbeat check
[2026-02-23 02:33:17] [INFO] Status updated: active
[2026-02-23 02:33:17] [INFO] Executing task: financial_analysis
[2026-02-23 02:33:17] [INFO] Task completed: financial_analysis - success
[2026-02-23 02:33:17] [INFO] Executing task: health_check
[2026-02-23 02:33:17] [INFO] Task completed: health_check - success
[2026-02-23 03:03:31] [DEBUG] Heartbeat check
[2026-02-23 03:03:31] [INFO] Status updated: active
[2026-02-23 03:03:31] [INFO] Executing task: financial_analysis
[2026-02-23 03:03:31] [INFO] Task completed: financial_analysis - success
[2026-02-23 03:03:31] [INFO] Executing task: health_check
[2026-02-23 03:03:31] [INFO] Task completed: health_check - success
[2026-02-23 03:33:49] [DEBUG] Heartbeat check
[2026-02-23 03:33:49] [INFO] Status updated: active
[2026-02-23 03:33:49] [INFO] Executing task: financial_analysis
[2026-02-23 03:33:49] [INFO] Task completed: financial_analysis - success
[2026-02-23 03:33:49] [INFO] Executing task: health_check
[2026-02-23 03:33:49] [INFO] Task completed: health_check - success
[2026-02-23 05:04:24] [DEBUG] Heartbeat check
[2026-02-23 05:04:24] [INFO] Status updated: active
[2026-02-23 05:04:24] [INFO] Executing task: financial_analysis
[2026-02-23 05:04:24] [INFO] Task completed: financial_analysis - success
[2026-02-23 05:04:24] [INFO] Executing task: health_check
[2026-02-23 05:04:24] [INFO] Task completed: health_check - success
[2026-02-23 05:34:38] [DEBUG] Heartbeat check
[2026-02-23 05:34:38] [INFO] Status updated: active
[2026-02-23 05:34:38] [INFO] Executing task: financial_analysis
[2026-02-23 05:34:38] [INFO] Task completed: financial_analysis - success
[2026-02-23 05:34:38] [INFO] Executing task: health_check
[2026-02-23 05:34:38] [INFO] Task completed: health_check - success
[2026-02-23 06:04:54] [DEBUG] Heartbeat check
[2026-02-23 06:04:54] [INFO] Status updated: active
[2026-02-23 06:04:54] [INFO] Executing task: financial_analysis
[2026-02-23 06:04:54] [INFO] Task completed: financial_analysis - success
[2026-02-23 06:04:54] [INFO] Executing task: health_check
[2026-02-23 06:04:54] [INFO] Task completed: health_check - success
[2026-02-23 06:35:07] [DEBUG] Heartbeat check
[2026-02-23 06:35:07] [INFO] Status updated: active
[2026-02-23 06:35:07] [INFO] Executing task: financial_analysis
[2026-02-23 06:35:07] [INFO] Task completed: financial_analysis - success
[2026-02-23 06:35:07] [INFO] Executing task: health_check
[2026-02-23 06:35:07] [INFO] Task completed: health_check - success
[2026-02-23 07:05:24] [DEBUG] Heartbeat check
[2026-02-23 07:05:24] [INFO] Status updated: active
[2026-02-23 07:05:24] [INFO] Executing task: financial_analysis
[2026-02-23 07:05:24] [INFO] Task completed: financial_analysis - success
[2026-02-23 07:05:24] [INFO] Executing task: health_check
[2026-02-23 07:05:24] [INFO] Task completed: health_check - success
[2026-02-23 08:36:00] [DEBUG] Heartbeat check
[2026-02-23 08:36:00] [INFO] Status updated: active
[2026-02-23 08:36:00] [INFO] Executing task: financial_analysis
[2026-02-23 08:36:00] [INFO] Task completed: financial_analysis - success
[2026-02-23 08:36:00] [INFO] Executing task: health_check
[2026-02-23 08:36:00] [INFO] Task completed: health_check - success
[2026-02-23 09:06:13] [DEBUG] Heartbeat check
[2026-02-23 09:06:13] [INFO] Status updated: active
[2026-02-23 09:06:13] [INFO] Executing task: financial_analysis
[2026-02-23 09:06:13] [INFO] Task completed: financial_analysis - success
[2026-02-23 09:06:13] [INFO] Executing task: health_check
[2026-02-23 09:06:13] [INFO] Task completed: health_check - success
[2026-02-23 10:06:34] [DEBUG] Heartbeat check
[2026-02-23 10:06:34] [INFO] Status updated: active
[2026-02-23 10:06:34] [INFO] Executing task: financial_analysis
[2026-02-23 10:06:34] [INFO] Task completed: financial_analysis - success
[2026-02-23 10:06:34] [INFO] Executing task: health_check
[2026-02-23 10:06:34] [INFO] Task completed: health_check - success
[2026-02-23 10:36:48] [DEBUG] Heartbeat check
[2026-02-23 10:36:48] [INFO] Status updated: active
[2026-02-23 10:36:48] [INFO] Executing task: financial_analysis
[2026-02-23 10:36:48] [INFO] Task completed: financial_analysis - success
[2026-02-23 10:36:48] [INFO] Executing task: health_check
[2026-02-23 10:36:48] [INFO] Task completed: health_check - success
[2026-02-23 11:07:04] [DEBUG] Heartbeat check
[2026-02-23 11:07:04] [INFO] Status updated: active
[2026-02-23 11:07:04] [INFO] Executing task: financial_analysis
[2026-02-23 11:07:04] [INFO] Task completed: financial_analysis - success
[2026-02-23 11:07:04] [INFO] Executing task: health_check
[2026-02-23 11:07:04] [INFO] Task completed: health_check - success
[2026-02-23 12:37:50] [DEBUG] Heartbeat check
[2026-02-23 12:37:50] [INFO] Status updated: active
[2026-02-23 12:37:50] [INFO] Executing task: financial_analysis
[2026-02-23 12:37:50] [INFO] Task completed: financial_analysis - success
[2026-02-23 12:37:50] [INFO] Executing task: health_check
[2026-02-23 12:37:50] [INFO] Task completed: health_check - success
[2026-02-23 13:38:16] [DEBUG] Heartbeat check
[2026-02-23 13:38:16] [INFO] Status updated: active
[2026-02-23 13:38:16] [INFO] Executing task: financial_analysis
[2026-02-23 13:38:16] [INFO] Task completed: financial_analysis - success
[2026-02-23 13:38:16] [INFO] Executing task: health_check
[2026-02-23 13:38:16] [INFO] Task completed: health_check - success
[2026-02-23 15:11:29] [DEBUG] Heartbeat check
[2026-02-23 15:11:29] [INFO] Status updated: active
[2026-02-23 15:11:29] [INFO] Executing task: financial_analysis
[2026-02-23 15:11:29] [INFO] Task completed: financial_analysis - success
[2026-02-23 15:11:29] [INFO] Executing task: health_check
[2026-02-23 15:11:29] [INFO] Task completed: health_check - success
[2026-02-23 15:41:59] [DEBUG] Heartbeat check
[2026-02-23 15:41:59] [INFO] Status updated: active
[2026-02-23 15:41:59] [INFO] Executing task: financial_analysis
[2026-02-23 15:41:59] [INFO] Task completed: financial_analysis - success
[2026-02-23 15:41:59] [INFO] Executing task: health_check
[2026-02-23 15:41:59] [INFO] Task completed: health_check - success
